// Jest Snapshot v1, https://goo.gl/fbAQLP

exports[`only with a title  1`] = `
.c0 {
  position: relative;
  height: 16rem;
  overflow: hidden;
}

.c1 {
  position: relative;
  width: 100%;
  height: 100%;
  top: 0;
  background-repeat: no-repeat;
  background-size: cover;
  background-position-y: 50%;
  -webkit-transition: all 2s cubic-bezier(0.25,0.46,0.45,0.94);
  transition: all 2s cubic-bezier(0.25,0.46,0.45,0.94);
}

.c1:after {
  content: '';
  position: absolute;
  width: 100%;
  height: 100%;
  top: 0;
  background-color: rgb(0,0,0);
  -webkit-transition: all 0.8s cubic-bezier(0.25,0.46,0.45,0.94);
  transition: all 0.8s cubic-bezier(0.25,0.46,0.45,0.94);
  opacity: 0.3;
}

.c1:hover {
  background-position-y: 60%;
}

.c1:hover:after {
  opacity: 0.1;
}

.c2 {
  position: absolute;
  pointer-events: none;
  width: 100%;
  height: 100%;
  top: 0;
  left: 50%;
  -webkit-transform: translateX(-50%);
  -ms-transform: translateX(-50%);
  transform: translateX(-50%);
  max-width: 970px;
  text-align: left;
  padding: 1.5rem;
  box-sizing: border-box;
}

@media screen and (max-width:768px) {
  .c0 {
    height: 11rem;
  }
}

@media screen and (max-width:768px) {
  .c2 {
    padding: 0.5rem;
  }
}

<div
  className="c0"
>
  <div
    className="c1"
    style={
      Object {
        "backgroundImage": "url()",
      }
    }
  />
  <div
    className="c2"
  >
    <h2>
      hello
    </h2>
    <p>
      
    </p>
  </div>
</div>
`;

exports[`with video URL  1`] = `
.c0 {
  position: relative;
  height: 16rem;
  overflow: hidden;
}

.c1 {
  position: relative;
  width: 100%;
  height: 100%;
  top: 0;
  background-repeat: no-repeat;
  background-size: cover;
  background-position-y: 50%;
  -webkit-transition: all 2s cubic-bezier(0.25,0.46,0.45,0.94);
  transition: all 2s cubic-bezier(0.25,0.46,0.45,0.94);
}

.c1:after {
  content: '';
  position: absolute;
  width: 100%;
  height: 100%;
  top: 0;
  background-color: rgb(0,0,0);
  -webkit-transition: all 0.8s cubic-bezier(0.25,0.46,0.45,0.94);
  transition: all 0.8s cubic-bezier(0.25,0.46,0.45,0.94);
  opacity: 0.3;
}

.c1:hover {
  background-position-y: 60%;
}

.c1:hover:after {
  opacity: 0.1;
}

.c2 {
  position: absolute;
  pointer-events: none;
  width: 100%;
  height: 100%;
  top: 0;
  left: 50%;
  -webkit-transform: translateX(-50%);
  -ms-transform: translateX(-50%);
  transform: translateX(-50%);
  max-width: 970px;
  text-align: left;
  padding: 1.5rem;
  box-sizing: border-box;
}

@media screen and (max-width:768px) {
  .c0 {
    height: 11rem;
  }
}

@media screen and (max-width:768px) {
  .c2 {
    padding: 0.5rem;
  }
}

<div
  className="c0"
>
  <div
    className="c1"
    style={
      Object {
        "backgroundImage": "url()",
      }
    }
  />
  <div
    className="c2"
  >
    <h2>
      hello
    </h2>
    <p>
      
    </p>
  </div>
</div>
`;
